
> hana_web@0.1.0 build
> next build

  Γû▓ Next.js 14.2.35

   Creating an optimized production build ...
 Γ£ô Compiled successfully
   Linting and checking validity of types ...
   Collecting page data ...
   Generating static pages (0/5) ...
   Generating static pages (1/5) 
   Generating static pages (2/5) 
   Generating static pages (3/5) 
node.exe : TypeError: Cannot read properties of 
undefined (reading 'S')
At line:1 char:1
+ & "C:\Program Files\nodejs/node.exe" "C:\Program 
Files\nodejs/node_mo ...
+ ~~~~~~~~~~~~~~~~~~~~~~~~~~~~~~~~~~~~~~~~~~~~~~~~~~~~~~~
~~~~~~~~~~~~~~
    + CategoryInfo          : NotSpecified: (TypeError:  
   Cann...d (reading 'S'):String) [], RemoteException
    + FullyQualifiedErrorId : NativeCommandError
 
    at f3.exports.f4.exports 
(D:\hana_web\.next\server\app\page.js:389:97864)
    at D:\hana_web\.next\server\app\page.js:393:3991
    at 867 
(D:\hana_web\.next\server\app\page.js:393:4029)
    at Object.t [as require] 
(D:\hana_web\.next\server\webpack-runtime.js:1:127)
    at require (D:\hana_web\node_modules\next\dist\compil
ed\next-server\app-page.runtime.prod.js:17:18811)
    at s (D:\hana_web\node_modules\next\dist\compiled\nex
t-server\app-page.runtime.prod.js:12:88330)
    at D:\hana_web\node_modules\next\dist\compiled\next-s
erver\app-page.runtime.prod.js:12:98875
    at D:\hana_web\node_modules\next\dist\compiled\next-s
erver\app-page.runtime.prod.js:12:98962
    at t (D:\hana_web\node_modules\next\dist\compiled\nex
t-server\app-page.runtime.prod.js:12:99165) {
  digest: '3233172241'
}

Error occurred prerendering page "/". Read more: 
https://nextjs.org/docs/messages/prerender-error

TypeError: Cannot read properties of undefined (reading 
'S')
    at f3.exports.f4.exports 
(D:\hana_web\.next\server\app\page.js:389:97864)
    at D:\hana_web\.next\server\app\page.js:393:3991
    at 867 
(D:\hana_web\.next\server\app\page.js:393:4029)
    at Object.t [as require] 
(D:\hana_web\.next\server\webpack-runtime.js:1:127)
    at require (D:\hana_web\node_modules\next\dist\compil
ed\next-server\app-page.runtime.prod.js:17:18811)
    at s (D:\hana_web\node_modules\next\dist\compiled\nex
t-server\app-page.runtime.prod.js:12:88330)
    at D:\hana_web\node_modules\next\dist\compiled\next-s
erver\app-page.runtime.prod.js:12:98875
    at D:\hana_web\node_modules\next\dist\compiled\next-s
erver\app-page.runtime.prod.js:12:98962
    at t (D:\hana_web\node_modules\next\dist\compiled\nex
t-server\app-page.runtime.prod.js:12:99165)
 Γ£ô Generating static pages (5/5)

> Export encountered errors on following paths:
	/page: /
